// Jest Snapshot v1, https://goo.gl/fbAQLP

exports[`Detects a hole 1`] = `undefined`;
